// Jest Snapshot v1, https://goo.gl/fbAQLP

exports[`Main Page renders AppContainer with currentUser 1`] = `ShallowWrapper {}`;

exports[`Main Page renders AppContainer without currentUser 1`] = `ShallowWrapper {}`;
